<?xml version="1.0"?>
<link_info>
   <banner>TI ARM Linker Unix v16.9.6.LTS</banner>
   <copyright>Copyright (c) 1996-2017 Texas Instruments Incorporated</copyright>
   <link_time>0x5adf5b1e</link_time>
   <link_errors>0x0</link_errors>
   <output_file>base-practica-TIVA-2018.out</output_file>
   <entry_point>
      <name>_c_int00</name>
      <address>0x173b9</address>
   </entry_point>
   <input_file_list>
      <input_file id="fl-2">
         <path>./</path>
         <kind>object</kind>
         <file>commands.obj</file>
         <name>commands.obj</name>
      </input_file>
      <input_file id="fl-3">
         <path>./</path>
         <kind>object</kind>
         <file>crc.obj</file>
         <name>crc.obj</name>
      </input_file>
      <input_file id="fl-4">
         <path>./</path>
         <kind>object</kind>
         <file>main.obj</file>
         <name>main.obj</name>
      </input_file>
      <input_file id="fl-5">
         <path>./</path>
         <kind>object</kind>
         <file>serialprotocol.obj</file>
         <name>serialprotocol.obj</name>
      </input_file>
      <input_file id="fl-6">
         <path>./</path>
         <kind>object</kind>
         <file>startup_ccs.obj</file>
         <name>startup_ccs.obj</name>
      </input_file>
      <input_file id="fl-7">
         <path>./</path>
         <kind>object</kind>
         <file>tivarpc.obj</file>
         <name>tivarpc.obj</name>
      </input_file>
      <input_file id="fl-8">
         <path>./</path>
         <kind>object</kind>
         <file>usb_dev_serial.obj</file>
         <name>usb_dev_serial.obj</name>
      </input_file>
      <input_file id="fl-9">
         <path>./</path>
         <kind>object</kind>
         <file>usb_serial_structs.obj</file>
         <name>usb_serial_structs.obj</name>
      </input_file>
      <input_file id="fl-a">
         <path>./FreeRTOS/Source/</path>
         <kind>object</kind>
         <file>croutine.obj</file>
         <name>croutine.obj</name>
      </input_file>
      <input_file id="fl-b">
         <path>./FreeRTOS/Source/</path>
         <kind>object</kind>
         <file>event_groups.obj</file>
         <name>event_groups.obj</name>
      </input_file>
      <input_file id="fl-c">
         <path>./FreeRTOS/Source/</path>
         <kind>object</kind>
         <file>list.obj</file>
         <name>list.obj</name>
      </input_file>
      <input_file id="fl-d">
         <path>./FreeRTOS/Source/</path>
         <kind>object</kind>
         <file>queue.obj</file>
         <name>queue.obj</name>
      </input_file>
      <input_file id="fl-e">
         <path>./FreeRTOS/Source/</path>
         <kind>object</kind>
         <file>stream_buffer.obj</file>
         <name>stream_buffer.obj</name>
      </input_file>
      <input_file id="fl-f">
         <path>./FreeRTOS/Source/</path>
         <kind>object</kind>
         <file>tasks.obj</file>
         <name>tasks.obj</name>
      </input_file>
      <input_file id="fl-10">
         <path>./FreeRTOS/Source/</path>
         <kind>object</kind>
         <file>timers.obj</file>
         <name>timers.obj</name>
      </input_file>
      <input_file id="fl-11">
         <path>./FreeRTOS/Source/portable/CCS/ARM_CM4F/</path>
         <kind>object</kind>
         <file>port.obj</file>
         <name>port.obj</name>
      </input_file>
      <input_file id="fl-12">
         <path>./FreeRTOS/Source/portable/CCS/ARM_CM4F/</path>
         <kind>object</kind>
         <file>portasm.obj</file>
         <name>portasm.obj</name>
      </input_file>
      <input_file id="fl-13">
         <path>./FreeRTOS/Source/portable/MemMang/</path>
         <kind>object</kind>
         <file>heap_4.obj</file>
         <name>heap_4.obj</name>
      </input_file>
      <input_file id="fl-14">
         <path>./driverlib/</path>
         <kind>object</kind>
         <file>adc.obj</file>
         <name>adc.obj</name>
      </input_file>
      <input_file id="fl-15">
         <path>./driverlib/</path>
         <kind>object</kind>
         <file>aes.obj</file>
         <name>aes.obj</name>
      </input_file>
      <input_file id="fl-16">
         <path>./driverlib/</path>
         <kind>object</kind>
         <file>can.obj</file>
         <name>can.obj</name>
      </input_file>
      <input_file id="fl-17">
         <path>./driverlib/</path>
         <kind>object</kind>
         <file>comp.obj</file>
         <name>comp.obj</name>
      </input_file>
      <input_file id="fl-18">
         <path>./driverlib/</path>
         <kind>object</kind>
         <file>cpu.obj</file>
         <name>cpu.obj</name>
      </input_file>
      <input_file id="fl-19">
         <path>./driverlib/</path>
         <kind>object</kind>
         <file>crc.obj</file>
         <name>crc.obj</name>
      </input_file>
      <input_file id="fl-1a">
         <path>./driverlib/</path>
         <kind>object</kind>
         <file>des.obj</file>
         <name>des.obj</name>
      </input_file>
      <input_file id="fl-1b">
         <path>./driverlib/</path>
         <kind>object</kind>
         <file>eeprom.obj</file>
         <name>eeprom.obj</name>
      </input_file>
      <input_file id="fl-1c">
         <path>./driverlib/</path>
         <kind>object</kind>
         <file>emac.obj</file>
         <name>emac.obj</name>
      </input_file>
      <input_file id="fl-1d">
         <path>./driverlib/</path>
         <kind>object</kind>
         <file>epi.obj</file>
         <name>epi.obj</name>
      </input_file>
      <input_file id="fl-1e">
         <path>./driverlib/</path>
         <kind>object</kind>
         <file>epi_workaround_ccs.obj</file>
         <name>epi_workaround_ccs.obj</name>
      </input_file>
      <input_file id="fl-1f">
         <path>./driverlib/</path>
         <kind>object</kind>
         <file>flash.obj</file>
         <name>flash.obj</name>
      </input_file>
      <input_file id="fl-20">
         <path>./driverlib/</path>
         <kind>object</kind>
         <file>fpu.obj</file>
         <name>fpu.obj</name>
      </input_file>
      <input_file id="fl-21">
         <path>./driverlib/</path>
         <kind>object</kind>
         <file>gpio.obj</file>
         <name>gpio.obj</name>
      </input_file>
      <input_file id="fl-22">
         <path>./driverlib/</path>
         <kind>object</kind>
         <file>hibernate.obj</file>
         <name>hibernate.obj</name>
      </input_file>
      <input_file id="fl-23">
         <path>./driverlib/</path>
         <kind>object</kind>
         <file>i2c.obj</file>
         <name>i2c.obj</name>
      </input_file>
      <input_file id="fl-24">
         <path>./driverlib/</path>
         <kind>object</kind>
         <file>interrupt.obj</file>
         <name>interrupt.obj</name>
      </input_file>
      <input_file id="fl-25">
         <path>./driverlib/</path>
         <kind>object</kind>
         <file>lcd.obj</file>
         <name>lcd.obj</name>
      </input_file>
      <input_file id="fl-26">
         <path>./driverlib/</path>
         <kind>object</kind>
         <file>mpu.obj</file>
         <name>mpu.obj</name>
      </input_file>
      <input_file id="fl-27">
         <path>./driverlib/</path>
         <kind>object</kind>
         <file>onewire.obj</file>
         <name>onewire.obj</name>
      </input_file>
      <input_file id="fl-28">
         <path>./driverlib/</path>
         <kind>object</kind>
         <file>pwm.obj</file>
         <name>pwm.obj</name>
      </input_file>
      <input_file id="fl-29">
         <path>./driverlib/</path>
         <kind>object</kind>
         <file>qei.obj</file>
         <name>qei.obj</name>
      </input_file>
      <input_file id="fl-2a">
         <path>./driverlib/</path>
         <kind>object</kind>
         <file>shamd5.obj</file>
         <name>shamd5.obj</name>
      </input_file>
      <input_file id="fl-2b">
         <path>./driverlib/</path>
         <kind>object</kind>
         <file>ssi.obj</file>
         <name>ssi.obj</name>
      </input_file>
      <input_file id="fl-2c">
         <path>./driverlib/</path>
         <kind>object</kind>
         <file>sw_crc.obj</file>
         <name>sw_crc.obj</name>
      </input_file>
      <input_file id="fl-2d">
         <path>./driverlib/</path>
         <kind>object</kind>
         <file>sysctl.obj</file>
         <name>sysctl.obj</name>
      </input_file>
      <input_file id="fl-2e">
         <path>./driverlib/</path>
         <kind>object</kind>
         <file>sysexc.obj</file>
         <name>sysexc.obj</name>
      </input_file>
      <input_file id="fl-2f">
         <path>./driverlib/</path>
         <kind>object</kind>
         <file>systick.obj</file>
         <name>systick.obj</name>
      </input_file>
      <input_file id="fl-30">
         <path>./driverlib/</path>
         <kind>object</kind>
         <file>timer.obj</file>
         <name>timer.obj</name>
      </input_file>
      <input_file id="fl-31">
         <path>./driverlib/</path>
         <kind>object</kind>
         <file>uart.obj</file>
         <name>uart.obj</name>
      </input_file>
      <input_file id="fl-32">
         <path>./driverlib/</path>
         <kind>object</kind>
         <file>udma.obj</file>
         <name>udma.obj</name>
      </input_file>
      <input_file id="fl-33">
         <path>./driverlib/</path>
         <kind>object</kind>
         <file>usb.obj</file>
         <name>usb.obj</name>
      </input_file>
      <input_file id="fl-34">
         <path>./driverlib/</path>
         <kind>object</kind>
         <file>watchdog.obj</file>
         <name>watchdog.obj</name>
      </input_file>
      <input_file id="fl-35">
         <path>./drivers/</path>
         <kind>object</kind>
         <file>buttons.obj</file>
         <name>buttons.obj</name>
      </input_file>
      <input_file id="fl-36">
         <path>./drivers/</path>
         <kind>object</kind>
         <file>configADC.obj</file>
         <name>configADC.obj</name>
      </input_file>
      <input_file id="fl-37">
         <path>./drivers/</path>
         <kind>object</kind>
         <file>rgb.obj</file>
         <name>rgb.obj</name>
      </input_file>
      <input_file id="fl-38">
         <path>./usblib/device/</path>
         <kind>object</kind>
         <file>usbdaudio.obj</file>
         <name>usbdaudio.obj</name>
      </input_file>
      <input_file id="fl-39">
         <path>./usblib/device/</path>
         <kind>object</kind>
         <file>usbdbulk.obj</file>
         <name>usbdbulk.obj</name>
      </input_file>
      <input_file id="fl-3a">
         <path>./usblib/device/</path>
         <kind>object</kind>
         <file>usbdcdc.obj</file>
         <name>usbdcdc.obj</name>
      </input_file>
      <input_file id="fl-3b">
         <path>./usblib/device/</path>
         <kind>object</kind>
         <file>usbdcdesc.obj</file>
         <name>usbdcdesc.obj</name>
      </input_file>
      <input_file id="fl-3c">
         <path>./usblib/device/</path>
         <kind>object</kind>
         <file>usbdcomp.obj</file>
         <name>usbdcomp.obj</name>
      </input_file>
      <input_file id="fl-3d">
         <path>./usblib/device/</path>
         <kind>object</kind>
         <file>usbdconfig.obj</file>
         <name>usbdconfig.obj</name>
      </input_file>
      <input_file id="fl-3e">
         <path>./usblib/device/</path>
         <kind>object</kind>
         <file>usbddfu-rt.obj</file>
         <name>usbddfu-rt.obj</name>
      </input_file>
      <input_file id="fl-3f">
         <path>./usblib/device/</path>
         <kind>object</kind>
         <file>usbdenum.obj</file>
         <name>usbdenum.obj</name>
      </input_file>
      <input_file id="fl-40">
         <path>./usblib/device/</path>
         <kind>object</kind>
         <file>usbdhandler.obj</file>
         <name>usbdhandler.obj</name>
      </input_file>
      <input_file id="fl-41">
         <path>./usblib/device/</path>
         <kind>object</kind>
         <file>usbdhid.obj</file>
         <name>usbdhid.obj</name>
      </input_file>
      <input_file id="fl-42">
         <path>./usblib/device/</path>
         <kind>object</kind>
         <file>usbdhidgamepad.obj</file>
         <name>usbdhidgamepad.obj</name>
      </input_file>
      <input_file id="fl-43">
         <path>./usblib/device/</path>
         <kind>object</kind>
         <file>usbdhidkeyb.obj</file>
         <name>usbdhidkeyb.obj</name>
      </input_file>
      <input_file id="fl-44">
         <path>./usblib/device/</path>
         <kind>object</kind>
         <file>usbdhidmouse.obj</file>
         <name>usbdhidmouse.obj</name>
      </input_file>
      <input_file id="fl-45">
         <path>./usblib/device/</path>
         <kind>object</kind>
         <file>usbdmsc.obj</file>
         <name>usbdmsc.obj</name>
      </input_file>
      <input_file id="fl-46">
         <path>./usblib/host/</path>
         <kind>object</kind>
         <file>usbhaudio.obj</file>
         <name>usbhaudio.obj</name>
      </input_file>
      <input_file id="fl-47">
         <path>./usblib/host/</path>
         <kind>object</kind>
         <file>usbhhid.obj</file>
         <name>usbhhid.obj</name>
      </input_file>
      <input_file id="fl-48">
         <path>./usblib/host/</path>
         <kind>object</kind>
         <file>usbhhidkeyboard.obj</file>
         <name>usbhhidkeyboard.obj</name>
      </input_file>
      <input_file id="fl-49">
         <path>./usblib/host/</path>
         <kind>object</kind>
         <file>usbhhidmouse.obj</file>
         <name>usbhhidmouse.obj</name>
      </input_file>
      <input_file id="fl-4a">
         <path>./usblib/host/</path>
         <kind>object</kind>
         <file>usbhhub.obj</file>
         <name>usbhhub.obj</name>
      </input_file>
      <input_file id="fl-4b">
         <path>./usblib/host/</path>
         <kind>object</kind>
         <file>usbhmsc.obj</file>
         <name>usbhmsc.obj</name>
      </input_file>
      <input_file id="fl-4c">
         <path>./usblib/host/</path>
         <kind>object</kind>
         <file>usbhostenum.obj</file>
         <name>usbhostenum.obj</name>
      </input_file>
      <input_file id="fl-4d">
         <path>./usblib/host/</path>
         <kind>object</kind>
         <file>usbhscsi.obj</file>
         <name>usbhscsi.obj</name>
      </input_file>
      <input_file id="fl-4e">
         <path>./usblib/</path>
         <kind>object</kind>
         <file>usbbuffer.obj</file>
         <name>usbbuffer.obj</name>
      </input_file>
      <input_file id="fl-4f">
         <path>./usblib/</path>
         <kind>object</kind>
         <file>usbdesc.obj</file>
         <name>usbdesc.obj</name>
      </input_file>
      <input_file id="fl-50">
         <path>./usblib/</path>
         <kind>object</kind>
         <file>usbdma.obj</file>
         <name>usbdma.obj</name>
      </input_file>
      <input_file id="fl-51">
         <path>./usblib/</path>
         <kind>object</kind>
         <file>usbkeyboardmap.obj</file>
         <name>usbkeyboardmap.obj</name>
      </input_file>
      <input_file id="fl-52">
         <path>./usblib/</path>
         <kind>object</kind>
         <file>usbmode.obj</file>
         <name>usbmode.obj</name>
      </input_file>
      <input_file id="fl-53">
         <path>./usblib/</path>
         <kind>object</kind>
         <file>usbringbuf.obj</file>
         <name>usbringbuf.obj</name>
      </input_file>
      <input_file id="fl-54">
         <path>./usblib/</path>
         <kind>object</kind>
         <file>usbtick.obj</file>
         <name>usbtick.obj</name>
      </input_file>
      <input_file id="fl-55">
         <path>./usblib/</path>
         <kind>object</kind>
         <file>usbulpi.obj</file>
         <name>usbulpi.obj</name>
      </input_file>
      <input_file id="fl-56">
         <path>./utils/</path>
         <kind>object</kind>
         <file>RunTimeStatsConfig.obj</file>
         <name>RunTimeStatsConfig.obj</name>
      </input_file>
      <input_file id="fl-57">
         <path>./utils/</path>
         <kind>object</kind>
         <file>cmdline.obj</file>
         <name>cmdline.obj</name>
      </input_file>
      <input_file id="fl-58">
         <path>./utils/</path>
         <kind>object</kind>
         <file>cpu_usage.obj</file>
         <name>cpu_usage.obj</name>
      </input_file>
      <input_file id="fl-59">
         <path>./utils/</path>
         <kind>object</kind>
         <file>uartstdio.obj</file>
         <name>uartstdio.obj</name>
      </input_file>
      <input_file id="fl-5d">
         <kind>object</kind>
         <file>&lt;internal&gt;</file>
         <name>&lt;internal&gt;</name>
      </input_file>
      <input_file id="fl-113">
         <path>/opt/ti/ccsv7/tools/compiler/ti-cgt-arm_16.9.6.LTS/lib/</path>
         <kind>archive</kind>
         <file>rtsv7M4_T_le_v4SPD16_eabi.lib</file>
         <name>boot.obj</name>
      </input_file>
      <input_file id="fl-114">
         <path>/opt/ti/ccsv7/tools/compiler/ti-cgt-arm_16.9.6.LTS/lib/</path>
         <kind>archive</kind>
         <file>rtsv7M4_T_le_v4SPD16_eabi.lib</file>
         <name>copy_decompress_lzss.obj</name>
      </input_file>
      <input_file id="fl-115">
         <path>/opt/ti/ccsv7/tools/compiler/ti-cgt-arm_16.9.6.LTS/lib/</path>
         <kind>archive</kind>
         <file>rtsv7M4_T_le_v4SPD16_eabi.lib</file>
         <name>copy_decompress_none.obj</name>
      </input_file>
      <input_file id="fl-116">
         <path>/opt/ti/ccsv7/tools/compiler/ti-cgt-arm_16.9.6.LTS/lib/</path>
         <kind>archive</kind>
         <file>rtsv7M4_T_le_v4SPD16_eabi.lib</file>
         <name>copy_zero_init.obj</name>
      </input_file>
      <input_file id="fl-117">
         <path>/opt/ti/ccsv7/tools/compiler/ti-cgt-arm_16.9.6.LTS/lib/</path>
         <kind>archive</kind>
         <file>rtsv7M4_T_le_v4SPD16_eabi.lib</file>
         <name>exit.obj</name>
      </input_file>
      <input_file id="fl-118">
         <path>/opt/ti/ccsv7/tools/compiler/ti-cgt-arm_16.9.6.LTS/lib/</path>
         <kind>archive</kind>
         <file>rtsv7M4_T_le_v4SPD16_eabi.lib</file>
         <name>fs_toull_t2.obj</name>
      </input_file>
      <input_file id="fl-119">
         <path>/opt/ti/ccsv7/tools/compiler/ti-cgt-arm_16.9.6.LTS/lib/</path>
         <kind>archive</kind>
         <file>rtsv7M4_T_le_v4SPD16_eabi.lib</file>
         <name>memcpy_t2.obj</name>
      </input_file>
      <input_file id="fl-11a">
         <path>/opt/ti/ccsv7/tools/compiler/ti-cgt-arm_16.9.6.LTS/lib/</path>
         <kind>archive</kind>
         <file>rtsv7M4_T_le_v4SPD16_eabi.lib</file>
         <name>memset_t2.obj</name>
      </input_file>
      <input_file id="fl-11b">
         <path>/opt/ti/ccsv7/tools/compiler/ti-cgt-arm_16.9.6.LTS/lib/</path>
         <kind>archive</kind>
         <file>rtsv7M4_T_le_v4SPD16_eabi.lib</file>
         <name>mpu_init.obj</name>
      </input_file>
      <input_file id="fl-11c">
         <path>/opt/ti/ccsv7/tools/compiler/ti-cgt-arm_16.9.6.LTS/lib/</path>
         <kind>archive</kind>
         <file>rtsv7M4_T_le_v4SPD16_eabi.lib</file>
         <name>pre_init.obj</name>
      </input_file>
      <input_file id="fl-11d">
         <path>/opt/ti/ccsv7/tools/compiler/ti-cgt-arm_16.9.6.LTS/lib/</path>
         <kind>archive</kind>
         <file>rtsv7M4_T_le_v4SPD16_eabi.lib</file>
         <name>sprintf.obj</name>
      </input_file>
      <input_file id="fl-11e">
         <path>/opt/ti/ccsv7/tools/compiler/ti-cgt-arm_16.9.6.LTS/lib/</path>
         <kind>archive</kind>
         <file>rtsv7M4_T_le_v4SPD16_eabi.lib</file>
         <name>stkdepth_vars.obj</name>
      </input_file>
      <input_file id="fl-11f">
         <path>/opt/ti/ccsv7/tools/compiler/ti-cgt-arm_16.9.6.LTS/lib/</path>
         <kind>archive</kind>
         <file>rtsv7M4_T_le_v4SPD16_eabi.lib</file>
         <name>strcmp.obj</name>
      </input_file>
      <input_file id="fl-120">
         <path>/opt/ti/ccsv7/tools/compiler/ti-cgt-arm_16.9.6.LTS/lib/</path>
         <kind>archive</kind>
         <file>rtsv7M4_T_le_v4SPD16_eabi.lib</file>
         <name>strcpy.obj</name>
      </input_file>
      <input_file id="fl-121">
         <path>/opt/ti/ccsv7/tools/compiler/ti-cgt-arm_16.9.6.LTS/lib/</path>
         <kind>archive</kind>
         <file>rtsv7M4_T_le_v4SPD16_eabi.lib</file>
         <name>strlen.obj</name>
      </input_file>
      <input_file id="fl-122">
         <path>/opt/ti/ccsv7/tools/compiler/ti-cgt-arm_16.9.6.LTS/lib/</path>
         <kind>archive</kind>
         <file>rtsv7M4_T_le_v4SPD16_eabi.lib</file>
         <name>strncmp.obj</name>
      </input_file>
      <input_file id="fl-123">
         <path>/opt/ti/ccsv7/tools/compiler/ti-cgt-arm_16.9.6.LTS/lib/</path>
         <kind>archive</kind>
         <file>rtsv7M4_T_le_v4SPD16_eabi.lib</file>
         <name>strtoul.obj</name>
      </input_file>
      <input_file id="fl-124">
         <path>/opt/ti/ccsv7/tools/compiler/ti-cgt-arm_16.9.6.LTS/lib/</path>
         <kind>archive</kind>
         <file>rtsv7M4_T_le_v4SPD16_eabi.lib</file>
         <name>u_divt2.obj</name>
      </input_file>
      <input_file id="fl-125">
         <path>/opt/ti/ccsv7/tools/compiler/ti-cgt-arm_16.9.6.LTS/lib/</path>
         <kind>archive</kind>
         <file>rtsv7M4_T_le_v4SPD16_eabi.lib</file>
         <name>_lock.obj</name>
      </input_file>
      <input_file id="fl-126">
         <path>/opt/ti/ccsv7/tools/compiler/ti-cgt-arm_16.9.6.LTS/lib/</path>
         <kind>archive</kind>
         <file>rtsv7M4_T_le_v4SPD16_eabi.lib</file>
         <name>_printfi.obj</name>
      </input_file>
      <input_file id="fl-127">
         <path>/opt/ti/ccsv7/tools/compiler/ti-cgt-arm_16.9.6.LTS/lib/</path>
         <kind>archive</kind>
         <file>rtsv7M4_T_le_v4SPD16_eabi.lib</file>
         <name>args_main.obj</name>
      </input_file>
      <input_file id="fl-128">
         <path>/opt/ti/ccsv7/tools/compiler/ti-cgt-arm_16.9.6.LTS/lib/</path>
         <kind>archive</kind>
         <file>rtsv7M4_T_le_v4SPD16_eabi.lib</file>
         <name>atoi.obj</name>
      </input_file>
      <input_file id="fl-129">
         <path>/opt/ti/ccsv7/tools/compiler/ti-cgt-arm_16.9.6.LTS/lib/</path>
         <kind>archive</kind>
         <file>rtsv7M4_T_le_v4SPD16_eabi.lib</file>
         <name>autoinit.obj</name>
      </input_file>
      <input_file id="fl-12a">
         <path>/opt/ti/ccsv7/tools/compiler/ti-cgt-arm_16.9.6.LTS/lib/</path>
         <kind>archive</kind>
         <file>rtsv7M4_T_le_v4SPD16_eabi.lib</file>
         <name>cpy_tbl.obj</name>
      </input_file>
      <input_file id="fl-12b">
         <path>/opt/ti/ccsv7/tools/compiler/ti-cgt-arm_16.9.6.LTS/lib/</path>
         <kind>archive</kind>
         <file>rtsv7M4_T_le_v4SPD16_eabi.lib</file>
         <name>ctype.obj</name>
      </input_file>
      <input_file id="fl-12c">
         <path>/opt/ti/ccsv7/tools/compiler/ti-cgt-arm_16.9.6.LTS/lib/</path>
         <kind>archive</kind>
         <file>rtsv7M4_T_le_v4SPD16_eabi.lib</file>
         <name>errno.obj</name>
      </input_file>
      <input_file id="fl-12d">
         <path>/opt/ti/ccsv7/tools/compiler/ti-cgt-arm_16.9.6.LTS/lib/</path>
         <kind>archive</kind>
         <file>rtsv7M4_T_le_v4SPD16_eabi.lib</file>
         <name>fd_add_t2.obj</name>
      </input_file>
      <input_file id="fl-12e">
         <path>/opt/ti/ccsv7/tools/compiler/ti-cgt-arm_16.9.6.LTS/lib/</path>
         <kind>archive</kind>
         <file>rtsv7M4_T_le_v4SPD16_eabi.lib</file>
         <name>fd_cmp_t2.obj</name>
      </input_file>
      <input_file id="fl-12f">
         <path>/opt/ti/ccsv7/tools/compiler/ti-cgt-arm_16.9.6.LTS/lib/</path>
         <kind>archive</kind>
         <file>rtsv7M4_T_le_v4SPD16_eabi.lib</file>
         <name>fd_div_t2.obj</name>
      </input_file>
      <input_file id="fl-130">
         <path>/opt/ti/ccsv7/tools/compiler/ti-cgt-arm_16.9.6.LTS/lib/</path>
         <kind>archive</kind>
         <file>rtsv7M4_T_le_v4SPD16_eabi.lib</file>
         <name>fd_mul_t2.obj</name>
      </input_file>
      <input_file id="fl-131">
         <path>/opt/ti/ccsv7/tools/compiler/ti-cgt-arm_16.9.6.LTS/lib/</path>
         <kind>archive</kind>
         <file>rtsv7M4_T_le_v4SPD16_eabi.lib</file>
         <name>fd_toi_t2.obj</name>
      </input_file>
      <input_file id="fl-132">
         <path>/opt/ti/ccsv7/tools/compiler/ti-cgt-arm_16.9.6.LTS/lib/</path>
         <kind>archive</kind>
         <file>rtsv7M4_T_le_v4SPD16_eabi.lib</file>
         <name>i_div0.obj</name>
      </input_file>
      <input_file id="fl-133">
         <path>/opt/ti/ccsv7/tools/compiler/ti-cgt-arm_16.9.6.LTS/lib/</path>
         <kind>archive</kind>
         <file>rtsv7M4_T_le_v4SPD16_eabi.lib</file>
         <name>i_tofd_t2.obj</name>
      </input_file>
      <input_file id="fl-134">
         <path>/opt/ti/ccsv7/tools/compiler/ti-cgt-arm_16.9.6.LTS/lib/</path>
         <kind>archive</kind>
         <file>rtsv7M4_T_le_v4SPD16_eabi.lib</file>
         <name>ltoa.obj</name>
      </input_file>
      <input_file id="fl-135">
         <path>/opt/ti/ccsv7/tools/compiler/ti-cgt-arm_16.9.6.LTS/lib/</path>
         <kind>archive</kind>
         <file>rtsv7M4_T_le_v4SPD16_eabi.lib</file>
         <name>memccpy.obj</name>
      </input_file>
      <input_file id="fl-136">
         <path>/opt/ti/ccsv7/tools/compiler/ti-cgt-arm_16.9.6.LTS/lib/</path>
         <kind>archive</kind>
         <file>rtsv7M4_T_le_v4SPD16_eabi.lib</file>
         <name>s_frexp.obj</name>
      </input_file>
      <input_file id="fl-137">
         <path>/opt/ti/ccsv7/tools/compiler/ti-cgt-arm_16.9.6.LTS/lib/</path>
         <kind>archive</kind>
         <file>rtsv7M4_T_le_v4SPD16_eabi.lib</file>
         <name>s_scalbn.obj</name>
      </input_file>
      <input_file id="fl-138">
         <path>/opt/ti/ccsv7/tools/compiler/ti-cgt-arm_16.9.6.LTS/lib/</path>
         <kind>archive</kind>
         <file>rtsv7M4_T_le_v4SPD16_eabi.lib</file>
         <name>startup.obj</name>
      </input_file>
      <input_file id="fl-139">
         <path>/opt/ti/ccsv7/tools/compiler/ti-cgt-arm_16.9.6.LTS/lib/</path>
         <kind>archive</kind>
         <file>rtsv7M4_T_le_v4SPD16_eabi.lib</file>
         <name>strchr.obj</name>
      </input_file>
      <input_file id="fl-13a">
         <path>/opt/ti/ccsv7/tools/compiler/ti-cgt-arm_16.9.6.LTS/lib/</path>
         <kind>archive</kind>
         <file>rtsv7M4_T_le_v4SPD16_eabi.lib</file>
         <name>ull_div_t2.obj</name>
      </input_file>
      <input_file id="fl-13b">
         <path>/opt/ti/ccsv7/tools/compiler/ti-cgt-arm_16.9.6.LTS/lib/</path>
         <kind>archive</kind>
         <file>rtsv7M4_T_le_v4SPD16_eabi.lib</file>
         <name>s_copysign.obj</name>
      </input_file>
   </input_file_list>
   <object_component_list>
      <object_component id="oc-f">
         <name>.intvecs</name>
         <load_address>0x0</load_address>
         <run_address>0x0</run_address>
         <size>0x26c</size>
         <input_file_ref idref="fl-6"/>
      </object_component>
      <object_component id="oc-548">
         <name>.text</name>
         <load_address>0x26c</load_address>
         <run_address>0x26c</run_address>
         <size>0x2ff8</size>
         <input_file_ref idref="fl-4c"/>
      </object_component>
      <object_component id="oc-1fd">
         <name>.text</name>
         <load_address>0x3264</load_address>
         <run_address>0x3264</run_address>
         <size>0x238c</size>
         <input_file_ref idref="fl-33"/>
      </object_component>
      <object_component id="oc-97">
         <name>.text</name>
         <load_address>0x55f0</load_address>
         <run_address>0x55f0</run_address>
         <size>0x1efc</size>
         <input_file_ref idref="fl-f"/>
      </object_component>
      <object_component id="oc-185">
         <name>.text</name>
         <load_address>0x74ec</load_address>
         <run_address>0x74ec</run_address>
         <size>0x1688</size>
         <input_file_ref idref="fl-2d"/>
      </object_component>
      <object_component id="oc-ed">
         <name>.text</name>
         <load_address>0x8b74</load_address>
         <run_address>0x8b74</run_address>
         <size>0x1570</size>
         <input_file_ref idref="fl-3f"/>
      </object_component>
      <object_component id="oc-197">
         <name>.text</name>
         <load_address>0xa0e4</load_address>
         <run_address>0xa0e4</run_address>
         <size>0x11f4</size>
         <input_file_ref idref="fl-21"/>
      </object_component>
      <object_component id="oc-2b0">
         <name>.text</name>
         <load_address>0xb2d8</load_address>
         <run_address>0xb2d8</run_address>
         <size>0x113e</size>
         <input_file_ref idref="fl-126"/>
      </object_component>
      <object_component id="oc-1f1">
         <name>.text</name>
         <load_address>0xc416</load_address>
         <run_address>0xc416</run_address>
         <size>0x2</size>
         <input_file_ref idref="fl-132"/>
      </object_component>
      <object_component id="oc-48a">
         <name>.text</name>
         <load_address>0xc418</load_address>
         <run_address>0xc418</run_address>
         <size>0xfdc</size>
         <input_file_ref idref="fl-3a"/>
      </object_component>
      <object_component id="oc-209">
         <name>.text</name>
         <load_address>0xd3f4</load_address>
         <run_address>0xd3f4</run_address>
         <size>0xfa8</size>
         <input_file_ref idref="fl-50"/>
      </object_component>
      <object_component id="oc-b8">
         <name>.text</name>
         <load_address>0xe39c</load_address>
         <run_address>0xe39c</run_address>
         <size>0xeb4</size>
         <input_file_ref idref="fl-d"/>
      </object_component>
      <object_component id="oc-29f">
         <name>.text</name>
         <load_address>0xf250</load_address>
         <run_address>0xf250</run_address>
         <size>0xd08</size>
         <input_file_ref idref="fl-30"/>
      </object_component>
      <object_component id="oc-3c">
         <name>.text</name>
         <load_address>0xff58</load_address>
         <run_address>0xff58</run_address>
         <size>0xb8c</size>
         <input_file_ref idref="fl-59"/>
      </object_component>
      <object_component id="oc-be">
         <name>.text</name>
         <load_address>0x10ae4</load_address>
         <run_address>0x10ae4</run_address>
         <size>0xa80</size>
         <input_file_ref idref="fl-31"/>
      </object_component>
      <object_component id="oc-5bb">
         <name>.text</name>
         <load_address>0x11564</load_address>
         <run_address>0x11564</run_address>
         <size>0x924</size>
         <input_file_ref idref="fl-4a"/>
      </object_component>
      <object_component id="oc-14b">
         <name>.text</name>
         <load_address>0x11e88</load_address>
         <run_address>0x11e88</run_address>
         <size>0x71c</size>
         <input_file_ref idref="fl-10"/>
      </object_component>
      <object_component id="oc-1ae">
         <name>.text</name>
         <load_address>0x125a4</load_address>
         <run_address>0x125a4</run_address>
         <size>0x5d5</size>
         <input_file_ref idref="fl-2"/>
      </object_component>
      <object_component id="oc-6e">
         <name>.text</name>
         <load_address>0x12b7a</load_address>
         <run_address>0x12b7a</run_address>
         <size>0x2</size>
         <input_file_ref idref="fl-11b"/>
      </object_component>
      <object_component id="oc-47e">
         <name>.text</name>
         <load_address>0x12b7c</load_address>
         <run_address>0x12b7c</run_address>
         <size>0x598</size>
         <input_file_ref idref="fl-4e"/>
      </object_component>
      <object_component id="oc-484">
         <name>.text</name>
         <load_address>0x13114</load_address>
         <run_address>0x13114</run_address>
         <size>0x570</size>
         <input_file_ref idref="fl-52"/>
      </object_component>
      <object_component id="oc-1a3">
         <name>.text</name>
         <load_address>0x13684</load_address>
         <run_address>0x13684</run_address>
         <size>0x54c</size>
         <input_file_ref idref="fl-7"/>
      </object_component>
      <object_component id="oc-191">
         <name>.text</name>
         <load_address>0x13bd0</load_address>
         <run_address>0x13bd0</run_address>
         <size>0x490</size>
         <input_file_ref idref="fl-24"/>
      </object_component>
      <object_component id="oc-540">
         <name>.text</name>
         <load_address>0x14060</load_address>
         <run_address>0x14060</run_address>
         <size>0x48c</size>
         <input_file_ref idref="fl-53"/>
      </object_component>
      <object_component id="oc-19d">
         <name>.text</name>
         <load_address>0x144ec</load_address>
         <run_address>0x144ec</run_address>
         <size>0x42c</size>
         <input_file_ref idref="fl-37"/>
      </object_component>
      <object_component id="oc-22e">
         <name>.text</name>
         <load_address>0x14918</load_address>
         <run_address>0x14918</run_address>
         <size>0x3bc</size>
         <input_file_ref idref="fl-3d"/>
      </object_component>
      <object_component id="oc-318">
         <name>.text</name>
         <load_address>0x14cd4</load_address>
         <run_address>0x14cd4</run_address>
         <size>0x3b4</size>
         <input_file_ref idref="fl-8"/>
      </object_component>
      <object_component id="oc-133">
         <name>.text</name>
         <load_address>0x15088</load_address>
         <run_address>0x15088</run_address>
         <size>0x394</size>
         <input_file_ref idref="fl-13"/>
      </object_component>
      <object_component id="oc-30f">
         <name>.text</name>
         <load_address>0x1541c</load_address>
         <run_address>0x1541c</run_address>
         <size>0x2f2</size>
         <input_file_ref idref="fl-5"/>
      </object_component>
      <object_component id="oc-228">
         <name>.text</name>
         <load_address>0x1570e</load_address>
         <run_address>0x1570e</run_address>
         <size>0x2de</size>
         <input_file_ref idref="fl-3b"/>
      </object_component>
      <object_component id="oc-36">
         <name>.text</name>
         <load_address>0x159ec</load_address>
         <run_address>0x159ec</run_address>
         <size>0x2d0</size>
         <input_file_ref idref="fl-11"/>
      </object_component>
      <object_component id="oc-9e">
         <name>.text</name>
         <load_address>0x15cbc</load_address>
         <run_address>0x15cbc</run_address>
         <size>0x1fc</size>
         <input_file_ref idref="fl-4"/>
      </object_component>
      <object_component id="oc-3da">
         <name>.text</name>
         <load_address>0x15eb8</load_address>
         <run_address>0x15eb8</run_address>
         <size>0x1f4</size>
         <input_file_ref idref="fl-13a"/>
      </object_component>
      <object_component id="oc-393">
         <name>.text</name>
         <load_address>0x160ac</load_address>
         <run_address>0x160ac</run_address>
         <size>0x1d2</size>
         <input_file_ref idref="fl-4f"/>
      </object_component>
      <object_component id="oc-403">
         <name>.text</name>
         <load_address>0x1627e</load_address>
         <run_address>0x1627e</run_address>
         <size>0x1b6</size>
         <input_file_ref idref="fl-12d"/>
      </object_component>
      <object_component id="oc-3e9">
         <name>.text</name>
         <load_address>0x16434</load_address>
         <run_address>0x16434</run_address>
         <size>0x136</size>
         <input_file_ref idref="fl-12f"/>
      </object_component>
      <object_component id="oc-139">
         <name>.text</name>
         <load_address>0x1656a</load_address>
         <run_address>0x1656a</run_address>
         <size>0x12a</size>
         <input_file_ref idref="fl-c"/>
      </object_component>
      <object_component id="oc-18b">
         <name>.text</name>
         <load_address>0x16694</load_address>
         <run_address>0x16694</run_address>
         <size>0x128</size>
         <input_file_ref idref="fl-35"/>
      </object_component>
      <object_component id="oc-17f">
         <name>.text</name>
         <load_address>0x167bc</load_address>
         <run_address>0x167bc</run_address>
         <size>0x124</size>
         <input_file_ref idref="fl-58"/>
      </object_component>
      <object_component id="oc-338">
         <name>.text</name>
         <load_address>0x168e0</load_address>
         <run_address>0x168e0</run_address>
         <size>0x114</size>
         <input_file_ref idref="fl-123"/>
      </object_component>
      <object_component id="oc-3e4">
         <name>.text</name>
         <load_address>0x169f4</load_address>
         <run_address>0x169f4</run_address>
         <size>0xfc</size>
         <input_file_ref idref="fl-130"/>
      </object_component>
      <object_component id="oc-40e">
         <name>.text</name>
         <load_address>0x16af0</load_address>
         <run_address>0x16af0</run_address>
         <size>0xfc</size>
         <input_file_ref idref="fl-137"/>
      </object_component>
      <object_component id="oc-20f">
         <name>.text</name>
         <load_address>0x16bec</load_address>
         <run_address>0x16bec</run_address>
         <size>0xec</size>
         <input_file_ref idref="fl-54"/>
      </object_component>
      <object_component id="oc-31">
         <name>.text</name>
         <load_address>0x16cd8</load_address>
         <run_address>0x16cd8</run_address>
         <size>0xda</size>
         <input_file_ref idref="fl-12"/>
      </object_component>
      <object_component id="oc-203">
         <name>.text</name>
         <load_address>0x16db2</load_address>
         <run_address>0x16db2</run_address>
         <size>0xc8</size>
         <input_file_ref idref="fl-55"/>
      </object_component>
      <object_component id="oc-114">
         <name>.text</name>
         <load_address>0x16e7a</load_address>
         <run_address>0x16e7a</run_address>
         <size>0x2</size>
         <input_file_ref idref="fl-138"/>
      </object_component>
      <object_component id="oc-33e">
         <name>.text</name>
         <load_address>0x16e7c</load_address>
         <run_address>0x16e7c</run_address>
         <size>0xac</size>
         <input_file_ref idref="fl-57"/>
      </object_component>
      <object_component id="oc-56">
         <name>.text</name>
         <load_address>0x16f28</load_address>
         <run_address>0x16f28</run_address>
         <size>0x9c</size>
         <input_file_ref idref="fl-119"/>
      </object_component>
      <object_component id="oc-3df">
         <name>.text:__aeabi_cdcmple</name>
         <load_address>0x16fc4</load_address>
         <run_address>0x16fc4</run_address>
         <size>0x86</size>
         <input_file_ref idref="fl-12e"/>
      </object_component>
      <object_component id="oc-3ee">
         <name>.text:__aeabi_cdrcmple</name>
         <load_address>0x1704a</load_address>
         <run_address>0x1704a</run_address>
         <size>0x86</size>
         <input_file_ref idref="fl-12e"/>
      </object_component>
      <object_component id="oc-62">
         <name>.text</name>
         <load_address>0x170d0</load_address>
         <run_address>0x170d0</run_address>
         <size>0x7a</size>
         <input_file_ref idref="fl-11a"/>
      </object_component>
      <object_component id="oc-7a">
         <name>.text</name>
         <load_address>0x1714c</load_address>
         <run_address>0x1714c</run_address>
         <size>0x70</size>
         <input_file_ref idref="fl-129"/>
      </object_component>
      <object_component id="oc-474">
         <name>.text</name>
         <load_address>0x171bc</load_address>
         <run_address>0x171bc</run_address>
         <size>0x68</size>
         <input_file_ref idref="fl-3"/>
      </object_component>
      <object_component id="oc-151">
         <name>.text</name>
         <load_address>0x17224</load_address>
         <run_address>0x17224</run_address>
         <size>0x68</size>
         <input_file_ref idref="fl-56"/>
      </object_component>
      <object_component id="oc-12">
         <name>.text:decompress:lzss</name>
         <load_address>0x1728c</load_address>
         <run_address>0x1728c</run_address>
         <size>0x68</size>
         <input_file_ref idref="fl-114"/>
      </object_component>
      <object_component id="oc-408">
         <name>.text</name>
         <load_address>0x172f4</load_address>
         <run_address>0x172f4</run_address>
         <size>0x64</size>
         <input_file_ref idref="fl-136"/>
      </object_component>
      <object_component id="oc-173">
         <name>.text</name>
         <load_address>0x17358</load_address>
         <run_address>0x17358</run_address>
         <size>0x60</size>
         <input_file_ref idref="fl-11d"/>
      </object_component>
      <object_component id="oc-24">
         <name>.text</name>
         <load_address>0x173b8</load_address>
         <run_address>0x173b8</run_address>
         <size>0x54</size>
         <input_file_ref idref="fl-113"/>
      </object_component>
      <object_component id="oc-86">
         <name>.text</name>
         <load_address>0x1740c</load_address>
         <run_address>0x1740c</run_address>
         <size>0x54</size>
         <input_file_ref idref="fl-117"/>
      </object_component>
      <object_component id="oc-3f8">
         <name>.text</name>
         <load_address>0x17460</load_address>
         <run_address>0x17460</run_address>
         <size>0x54</size>
         <input_file_ref idref="fl-134"/>
      </object_component>
      <object_component id="oc-301">
         <name>.text</name>
         <load_address>0x174b4</load_address>
         <run_address>0x174b4</run_address>
         <size>0x50</size>
         <input_file_ref idref="fl-118"/>
      </object_component>
      <object_component id="oc-41a">
         <name>.text</name>
         <load_address>0x17504</load_address>
         <run_address>0x17504</run_address>
         <size>0x4c</size>
         <input_file_ref idref="fl-128"/>
      </object_component>
      <object_component id="oc-10e">
         <name>.text</name>
         <load_address>0x17550</load_address>
         <run_address>0x17550</run_address>
         <size>0x4c</size>
         <input_file_ref idref="fl-12a"/>
      </object_component>
      <object_component id="oc-3f3">
         <name>.text</name>
         <load_address>0x1759c</load_address>
         <run_address>0x1759c</run_address>
         <size>0x48</size>
         <input_file_ref idref="fl-131"/>
      </object_component>
      <object_component id="oc-d9">
         <name>.text</name>
         <load_address>0x175e4</load_address>
         <run_address>0x175e4</run_address>
         <size>0x40</size>
         <input_file_ref idref="fl-124"/>
      </object_component>
      <object_component id="oc-2c5">
         <name>.text</name>
         <load_address>0x17624</load_address>
         <run_address>0x17624</run_address>
         <size>0x3e</size>
         <input_file_ref idref="fl-18"/>
      </object_component>
      <object_component id="oc-3fe">
         <name>.text</name>
         <load_address>0x17662</load_address>
         <run_address>0x17662</run_address>
         <size>0x2e</size>
         <input_file_ref idref="fl-133"/>
      </object_component>
      <object_component id="oc-32f">
         <name>.text</name>
         <load_address>0x17690</load_address>
         <run_address>0x17690</run_address>
         <size>0x2c</size>
         <input_file_ref idref="fl-122"/>
      </object_component>
      <object_component id="oc-2b">
         <name>.text</name>
         <load_address>0x176bc</load_address>
         <run_address>0x176bc</run_address>
         <size>0x2c</size>
         <input_file_ref idref="fl-6"/>
      </object_component>
      <object_component id="oc-15a">
         <name>.text:GetOverflowCounts</name>
         <load_address>0x176e8</load_address>
         <run_address>0x176e8</run_address>
         <size>0x24</size>
         <input_file_ref idref="fl-56"/>
      </object_component>
      <object_component id="oc-42">
         <name>.text</name>
         <load_address>0x1770c</load_address>
         <run_address>0x1770c</run_address>
         <size>0x24</size>
         <input_file_ref idref="fl-40"/>
      </object_component>
      <object_component id="oc-420">
         <name>.text</name>
         <load_address>0x17730</load_address>
         <run_address>0x17730</run_address>
         <size>0x1c</size>
         <input_file_ref idref="fl-135"/>
      </object_component>
      <object_component id="oc-80">
         <name>.text</name>
         <load_address>0x1774c</load_address>
         <run_address>0x1774c</run_address>
         <size>0x18</size>
         <input_file_ref idref="fl-127"/>
      </object_component>
      <object_component id="oc-4b6">
         <name>.text</name>
         <load_address>0x17764</load_address>
         <run_address>0x17764</run_address>
         <size>0x18</size>
         <input_file_ref idref="fl-11f"/>
      </object_component>
      <object_component id="oc-414">
         <name>.text</name>
         <load_address>0x1777c</load_address>
         <run_address>0x1777c</run_address>
         <size>0x16</size>
         <input_file_ref idref="fl-139"/>
      </object_component>
      <object_component id="oc-257">
         <name>.text</name>
         <load_address>0x17794</load_address>
         <run_address>0x17794</run_address>
         <size>0x14</size>
         <input_file_ref idref="fl-125"/>
      </object_component>
      <object_component id="oc-522">
         <name>.text</name>
         <load_address>0x177a8</load_address>
         <run_address>0x177a8</run_address>
         <size>0x14</size>
         <input_file_ref idref="fl-13b"/>
      </object_component>
      <object_component id="oc-167">
         <name>.text</name>
         <load_address>0x177bc</load_address>
         <run_address>0x177bc</run_address>
         <size>0x14</size>
         <input_file_ref idref="fl-120"/>
      </object_component>
      <object_component id="oc-16d">
         <name>.text</name>
         <load_address>0x177d0</load_address>
         <run_address>0x177d0</run_address>
         <size>0x14</size>
         <input_file_ref idref="fl-121"/>
      </object_component>
      <object_component id="oc-18">
         <name>.text:decompress:none</name>
         <load_address>0x177e4</load_address>
         <run_address>0x177e4</run_address>
         <size>0xe</size>
         <input_file_ref idref="fl-115"/>
      </object_component>
      <object_component id="oc-1e">
         <name>.text:decompress:ZI</name>
         <load_address>0x177f2</load_address>
         <run_address>0x177f2</run_address>
         <size>0xc</size>
         <input_file_ref idref="fl-116"/>
      </object_component>
      <object_component id="oc-2d4">
         <name>.text:SysCtlDelay</name>
         <load_address>0x177fe</load_address>
         <run_address>0x177fe</run_address>
         <size>0x6</size>
         <input_file_ref idref="fl-2d"/>
      </object_component>
      <object_component id="oc-74">
         <name>.text</name>
         <load_address>0x17804</load_address>
         <run_address>0x17804</run_address>
         <size>0x4</size>
         <input_file_ref idref="fl-11c"/>
      </object_component>
      <object_component id="oc-539">
         <name>.const:crctttab</name>
         <load_address>0x17808</load_address>
         <run_address>0x17808</run_address>
         <size>0x200</size>
         <input_file_ref idref="fl-3"/>
      </object_component>
      <object_component id="oc-2d1">
         <name>.const:g_pppui32XTALtoVCO</name>
         <load_address>0x17a08</load_address>
         <run_address>0x17a08</run_address>
         <size>0x1b0</size>
         <input_file_ref idref="fl-2d"/>
      </object_component>
      <object_component id="oc-4ab">
         <name>.const:.string</name>
         <load_address>0x17bb8</load_address>
         <run_address>0x17bb8</run_address>
         <size>0x196</size>
         <input_file_ref idref="fl-2"/>
      </object_component>
      <object_component id="oc-4ae">
         <name>.const:.string:_ctypes_</name>
         <load_address>0x17d4e</load_address>
         <run_address>0x17d4e</run_address>
         <size>0x101</size>
         <input_file_ref idref="fl-12b"/>
      </object_component>
      <object_component id="oc-2f9">
         <name>.const:g_ppui32GPIOIntMapSnowflake</name>
         <load_address>0x17e50</load_address>
         <run_address>0x17e50</run_address>
         <size>0xd8</size>
         <input_file_ref idref="fl-21"/>
      </object_component>
      <object_component id="oc-2f3">
         <name>.const:g_ppui32GPIOIntMapBlizzard</name>
         <load_address>0x17f28</load_address>
         <run_address>0x17f28</run_address>
         <size>0xc0</size>
         <input_file_ref idref="fl-21"/>
      </object_component>
      <object_component id="oc-2e2">
         <name>.const:g_pui32Regs</name>
         <load_address>0x17fe8</load_address>
         <run_address>0x17fe8</run_address>
         <size>0x9c</size>
         <input_file_ref idref="fl-24"/>
      </object_component>
      <object_component id="oc-2fc">
         <name>.const:g_pui32GPIOBaseAddrs</name>
         <load_address>0x18084</load_address>
         <run_address>0x18084</run_address>
         <size>0x90</size>
         <input_file_ref idref="fl-21"/>
      </object_component>
      <object_component id="oc-2cb">
         <name>.const:g_pui32Xtals</name>
         <load_address>0x18114</load_address>
         <run_address>0x18114</run_address>
         <size>0x6c</size>
         <input_file_ref idref="fl-2d"/>
      </object_component>
      <object_component id="oc-3cb">
         <name>.const:g_ppui32TimerIntMap</name>
         <load_address>0x18180</load_address>
         <run_address>0x18180</run_address>
         <size>0x60</size>
         <input_file_ref idref="fl-30"/>
      </object_component>
      <object_component id="oc-3d1">
         <name>.const:g_ppui32TimerIntMapSnowflake</name>
         <load_address>0x181e0</load_address>
         <run_address>0x181e0</run_address>
         <size>0x40</size>
         <input_file_ref idref="fl-30"/>
      </object_component>
      <object_component id="oc-1d3">
         <name>.const:g_ppui32UARTIntMap</name>
         <load_address>0x18220</load_address>
         <run_address>0x18220</run_address>
         <size>0x40</size>
         <input_file_ref idref="fl-31"/>
      </object_component>
      <object_component id="oc-1d9">
         <name>.const:g_ppui32UARTIntMapSnowflake</name>
         <load_address>0x18260</load_address>
         <run_address>0x18260</run_address>
         <size>0x40</size>
         <input_file_ref idref="fl-31"/>
      </object_component>
      <object_component id="oc-605">
         <name>.const:.string:g_pui8ConfigString</name>
         <load_address>0x182a0</load_address>
         <run_address>0x182a0</run_address>
         <size>0x36</size>
         <input_file_ref idref="fl-9"/>
      </object_component>
      <object_component id="oc-225">
         <name>.const:g_psUSBDStdRequests</name>
         <load_address>0x182d8</load_address>
         <run_address>0x182d8</run_address>
         <size>0x34</size>
         <input_file_ref idref="fl-3f"/>
      </object_component>
      <object_component id="oc-557">
         <name>.const:g_sCDCHandlers</name>
         <load_address>0x1830c</load_address>
         <run_address>0x1830c</run_address>
         <size>0x30</size>
         <input_file_ref idref="fl-3a"/>
      </object_component>
      <object_component id="oc-2c2">
         <name>.const:g_sXTALtoMEMTIM</name>
         <load_address>0x1833c</load_address>
         <run_address>0x1833c</run_address>
         <size>0x30</size>
         <input_file_ref idref="fl-2d"/>
      </object_component>
      <object_component id="oc-602">
         <name>.const:.string:g_pui8ControlInterfaceString</name>
         <load_address>0x1836c</load_address>
         <run_address>0x1836c</run_address>
         <size>0x2c</size>
         <input_file_ref idref="fl-9"/>
      </object_component>
      <object_component id="oc-5f9">
         <name>.const:.string:g_pui8ManufacturerString</name>
         <load_address>0x18398</load_address>
         <run_address>0x18398</run_address>
         <size>0x24</size>
         <input_file_ref idref="fl-9"/>
      </object_component>
      <object_component id="oc-321">
         <name>.const:rpc_function_table</name>
         <load_address>0x183bc</load_address>
         <run_address>0x183bc</run_address>
         <size>0x24</size>
         <input_file_ref idref="fl-7"/>
      </object_component>
      <object_component id="oc-687">
         <name>.const:.string:g_pui8CDCSerCommInterface</name>
         <load_address>0x183e0</load_address>
         <run_address>0x183e0</run_address>
         <size>0x23</size>
         <input_file_ref idref="fl-3a"/>
      </object_component>
      <object_component id="oc-5fc">
         <name>.const:.string:g_pui8ProductString</name>
         <load_address>0x18403</load_address>
         <run_address>0x18403</run_address>
         <size>0x22</size>
         <input_file_ref idref="fl-9"/>
      </object_component>
      <object_component id="oc-2df">
         <name>.const:g_pui32Priority</name>
         <load_address>0x18428</load_address>
         <run_address>0x18428</run_address>
         <size>0x20</size>
         <input_file_ref idref="fl-24"/>
      </object_component>
      <object_component id="oc-581">
         <name>.const:g_ppui8StringDescriptors</name>
         <load_address>0x18448</load_address>
         <run_address>0x18448</run_address>
         <size>0x18</size>
         <input_file_ref idref="fl-9"/>
      </object_component>
      <object_component id="oc-68c">
         <name>.const:.string:g_pui8CDCSerDataInterface</name>
         <load_address>0x18460</load_address>
         <run_address>0x18460</run_address>
         <size>0x17</size>
         <input_file_ref idref="fl-3a"/>
      </object_component>
      <object_component id="oc-691">
         <name>.const:.string:g_pui8CDCSerDataInterfaceHS</name>
         <load_address>0x18477</load_address>
         <run_address>0x18477</run_address>
         <size>0x17</size>
         <input_file_ref idref="fl-3a"/>
      </object_component>
      <object_component id="oc-2e8">
         <name>.const:g_pui32Dii16Regs</name>
         <load_address>0x18490</load_address>
         <run_address>0x18490</run_address>
         <size>0x14</size>
         <input_file_ref idref="fl-24"/>
      </object_component>
      <object_component id="oc-2e5">
         <name>.const:g_pui32EnRegs</name>
         <load_address>0x184a4</load_address>
         <run_address>0x184a4</run_address>
         <size>0x14</size>
         <input_file_ref idref="fl-24"/>
      </object_component>
      <object_component id="oc-2eb">
         <name>.const:g_pui32PendRegs</name>
         <load_address>0x184b8</load_address>
         <run_address>0x184b8</run_address>
         <size>0x14</size>
         <input_file_ref idref="fl-24"/>
      </object_component>
      <object_component id="oc-2ee">
         <name>.const:g_pui32UnpendRegs</name>
         <load_address>0x184cc</load_address>
         <run_address>0x184cc</run_address>
         <size>0x14</size>
         <input_file_ref idref="fl-24"/>
      </object_component>
      <object_component id="oc-5ff">
         <name>.const:.string:g_pui8SerialNumberString</name>
         <load_address>0x184e0</load_address>
         <run_address>0x184e0</run_address>
         <size>0x12</size>
         <input_file_ref idref="fl-9"/>
      </object_component>
      <object_component id="oc-1f8">
         <name>.const:.string</name>
         <load_address>0x184f4</load_address>
         <run_address>0x184f4</run_address>
         <size>0x12</size>
         <input_file_ref idref="fl-59"/>
      </object_component>
      <object_component id="oc-c7">
         <name>.const:g_ui32UARTBase</name>
         <load_address>0x18508</load_address>
         <run_address>0x18508</run_address>
         <size>0xc</size>
         <input_file_ref idref="fl-59"/>
      </object_component>
      <object_component id="oc-cd">
         <name>.const:g_ui32UARTInt</name>
         <load_address>0x18514</load_address>
         <run_address>0x18514</run_address>
         <size>0xc</size>
         <input_file_ref idref="fl-59"/>
      </object_component>
      <object_component id="oc-ca">
         <name>.const:g_ui32UARTPeriph</name>
         <load_address>0x18520</load_address>
         <run_address>0x18520</run_address>
         <size>0xc</size>
         <input_file_ref idref="fl-59"/>
      </object_component>
      <object_component id="oc-2ce">
         <name>.const:g_pui32VCOFrequencies</name>
         <load_address>0x1852c</load_address>
         <run_address>0x1852c</run_address>
         <size>0x8</size>
         <input_file_ref idref="fl-2d"/>
      </object_component>
      <object_component id="oc-5e6">
         <name>.const:g_sCDCCompSerConfigHeader</name>
         <load_address>0x18534</load_address>
         <run_address>0x18534</run_address>
         <size>0x8</size>
         <input_file_ref idref="fl-3a"/>
      </object_component>
      <object_component id="oc-5eb">
         <name>.const:g_sCDCCompSerConfigHeaderHS</name>
         <load_address>0x1853c</load_address>
         <run_address>0x1853c</run_address>
         <size>0x8</size>
         <input_file_ref idref="fl-3a"/>
      </object_component>
      <object_component id="oc-671">
         <name>.const:g_sCDCSerCommInterfaceSection</name>
         <load_address>0x18544</load_address>
         <run_address>0x18544</run_address>
         <size>0x8</size>
         <input_file_ref idref="fl-3a"/>
      </object_component>
      <object_component id="oc-5dc">
         <name>.const:g_sCDCSerConfigHeader</name>
         <load_address>0x1854c</load_address>
         <run_address>0x1854c</run_address>
         <size>0x8</size>
         <input_file_ref idref="fl-3a"/>
      </object_component>
      <object_component id="oc-5e1">
         <name>.const:g_sCDCSerConfigHeaderHS</name>
         <load_address>0x18554</load_address>
         <run_address>0x18554</run_address>
         <size>0x8</size>
         <input_file_ref idref="fl-3a"/>
      </object_component>
      <object_component id="oc-66e">
         <name>.const:g_sCDCSerConfigSection</name>
         <load_address>0x1855c</load_address>
         <run_address>0x1855c</run_address>
         <size>0x8</size>
         <input_file_ref idref="fl-3a"/>
      </object_component>
      <object_component id="oc-674">
         <name>.const:g_sCDCSerDataInterfaceSection</name>
         <load_address>0x18564</load_address>
         <run_address>0x18564</run_address>
         <size>0x8</size>
         <input_file_ref idref="fl-3a"/>
      </object_component>
      <object_component id="oc-679">
         <name>.const:g_sCDCSerDataInterfaceSectionHS</name>
         <load_address>0x1856c</load_address>
         <run_address>0x1856c</run_address>
         <size>0x8</size>
         <input_file_ref idref="fl-3a"/>
      </object_component>
      <object_component id="oc-67e">
         <name>.const:g_sIADSerConfigSection</name>
         <load_address>0x18574</load_address>
         <run_address>0x18574</run_address>
         <size>0x8</size>
         <input_file_ref idref="fl-3a"/>
      </object_component>
      <object_component id="oc-2f6">
         <name>.const</name>
         <load_address>0x1857c</load_address>
         <run_address>0x1857c</run_address>
         <size>0x8</size>
         <input_file_ref idref="fl-21"/>
      </object_component>
      <object_component id="oc-94">
         <name>.const</name>
         <load_address>0x18584</load_address>
         <run_address>0x18584</run_address>
         <size>0x8</size>
         <input_file_ref idref="fl-11"/>
      </object_component>
      <object_component id="oc-3ce">
         <name>.const</name>
         <load_address>0x1858c</load_address>
         <run_address>0x1858c</run_address>
         <size>0x8</size>
         <input_file_ref idref="fl-30"/>
      </object_component>
      <object_component id="oc-1d6">
         <name>.const</name>
         <load_address>0x18594</load_address>
         <run_address>0x18594</run_address>
         <size>0x8</size>
         <input_file_ref idref="fl-31"/>
      </object_component>
      <object_component id="oc-5f6">
         <name>.const:.string:g_pui8LangDescriptor</name>
         <load_address>0x1859c</load_address>
         <run_address>0x1859c</run_address>
         <size>0x4</size>
         <input_file_ref idref="fl-9"/>
      </object_component>
      <object_component id="oc-563">
         <name>.const:g_pCDCCompSerConfigDescriptors</name>
         <load_address>0x185a0</load_address>
         <run_address>0x185a0</run_address>
         <size>0x4</size>
         <input_file_ref idref="fl-3a"/>
      </object_component>
      <object_component id="oc-566">
         <name>.const:g_pCDCCompSerConfigDescriptorsHS</name>
         <load_address>0x185a4</load_address>
         <run_address>0x185a4</run_address>
         <size>0x4</size>
         <input_file_ref idref="fl-3a"/>
      </object_component>
      <object_component id="oc-55d">
         <name>.const:g_ppCDCSerConfigDescriptors</name>
         <load_address>0x185a8</load_address>
         <run_address>0x185a8</run_address>
         <size>0x4</size>
         <input_file_ref idref="fl-3a"/>
      </object_component>
      <object_component id="oc-560">
         <name>.const:g_ppCDCSerConfigDescriptorsHS</name>
         <load_address>0x185ac</load_address>
         <run_address>0x185ac</run_address>
         <size>0x4</size>
         <input_file_ref idref="fl-3a"/>
      </object_component>
      <object_component id="oc-277">
         <name>.const</name>
         <load_address>0x185b0</load_address>
         <run_address>0x185b0</run_address>
         <size>0x4</size>
         <input_file_ref idref="fl-13"/>
      </object_component>
      <object_component id="oc-de">
         <name>.const</name>
         <load_address>0x185b4</load_address>
         <run_address>0x185b4</run_address>
         <size>0x4</size>
         <input_file_ref idref="fl-59"/>
      </object_component>
      <object_component id="oc-6c5">
         <name>.cinit..data.load</name>
         <load_address>0x185b8</load_address>
         <run_address>0x185b8</run_address>
         <size>0x154</size>
      </object_component>
      <object_component id="oc-6c2">
         <name>__TI_handler_table</name>
         <load_address>0x1870c</load_address>
         <run_address>0x1870c</run_address>
         <size>0xc</size>
      </object_component>
      <object_component id="oc-6c6">
         <name>.cinit..bss.load</name>
         <load_address>0x18718</load_address>
         <run_address>0x18718</run_address>
         <size>0x8</size>
      </object_component>
      <object_component id="oc-6c4">
         <name>.cinit..vtable.load</name>
         <load_address>0x18720</load_address>
         <run_address>0x18720</run_address>
         <size>0x8</size>
      </object_component>
      <object_component id="oc-6c3">
         <name>__TI_cinit_table</name>
         <load_address>0x18728</load_address>
         <run_address>0x18728</run_address>
         <size>0x18</size>
      </object_component>
      <object_component id="oc-2dc">
         <name>.vtable</name>
         <uninitialized>true</uninitialized>
         <run_address>0x20000000</run_address>
         <size>0x26c</size>
         <input_file_ref idref="fl-24"/>
      </object_component>
      <object_component id="oc-335">
         <name>.data:g_psCmdTable</name>
         <load_address>0x200062e8</load_address>
         <run_address>0x200062e8</run_address>
         <size>0x78</size>
         <input_file_ref idref="fl-2"/>
      </object_component>
      <object_component id="oc-1a9">
         <name>.data</name>
         <load_address>0x20006579</load_address>
         <run_address>0x20006579</run_address>
         <size>0x1</size>
         <input_file_ref idref="fl-4"/>
      </object_component>
      <object_component id="oc-315">
         <name>.data</name>
         <load_address>0x20006598</load_address>
         <run_address>0x20006598</run_address>
         <size>0x8</size>
         <input_file_ref idref="fl-7"/>
      </object_component>
      <object_component id="oc-496">
         <name>.data</name>
         <load_address>0x2000650c</load_address>
         <run_address>0x2000650c</run_address>
         <size>0xd</size>
         <input_file_ref idref="fl-8"/>
      </object_component>
      <object_component id="oc-49c">
         <name>.data:ConfigLinea</name>
         <load_address>0x200065a8</load_address>
         <run_address>0x200065a8</run_address>
         <size>0x7</size>
         <input_file_ref idref="fl-8"/>
      </object_component>
      <object_component id="oc-49f">
         <name>.data:g_sCDCDevice</name>
         <load_address>0x20006360</load_address>
         <run_address>0x20006360</run_address>
         <size>0x60</size>
         <input_file_ref idref="fl-9"/>
      </object_component>
      <object_component id="oc-490">
         <name>.data:g_sRxBuffer</name>
         <load_address>0x200063fc</load_address>
         <run_address>0x200063fc</run_address>
         <size>0x38</size>
         <input_file_ref idref="fl-9"/>
      </object_component>
      <object_component id="oc-499">
         <name>.data:g_sTxBuffer</name>
         <load_address>0x20006434</load_address>
         <run_address>0x20006434</run_address>
         <size>0x38</size>
         <input_file_ref idref="fl-9"/>
      </object_component>
      <object_component id="oc-91">
         <name>.data</name>
         <load_address>0x200063c0</load_address>
         <run_address>0x200063c0</run_address>
         <size>0x3c</size>
         <input_file_ref idref="fl-f"/>
      </object_component>
      <object_component id="oc-28c">
         <name>.data</name>
         <load_address>0x2000654c</load_address>
         <run_address>0x2000654c</run_address>
         <size>0xc</size>
         <input_file_ref idref="fl-10"/>
      </object_component>
      <object_component id="oc-a4">
         <name>.data</name>
         <load_address>0x20006540</load_address>
         <run_address>0x20006540</run_address>
         <size>0xc</size>
         <input_file_ref idref="fl-11"/>
      </object_component>
      <object_component id="oc-274">
         <name>.data</name>
         <load_address>0x200064fc</load_address>
         <run_address>0x200064fc</run_address>
         <size>0x10</size>
         <input_file_ref idref="fl-13"/>
      </object_component>
      <object_component id="oc-2d7">
         <name>.data</name>
         <load_address>0x20006519</load_address>
         <run_address>0x20006519</run_address>
         <size>0x3</size>
         <input_file_ref idref="fl-35"/>
      </object_component>
      <object_component id="oc-30a">
         <name>.data</name>
         <load_address>0x200065b0</load_address>
         <run_address>0x200065b0</run_address>
         <size>0x4</size>
         <input_file_ref idref="fl-37"/>
      </object_component>
      <object_component id="oc-55a">
         <name>.data:g_pui8CDCSerDeviceDescriptor</name>
         <load_address>0x200064c8</load_address>
         <run_address>0x200064c8</run_address>
         <size>0x12</size>
         <input_file_ref idref="fl-3a"/>
      </object_component>
      <object_component id="oc-569">
         <name>.data:g_pui8CDCSerDescriptor</name>
         <load_address>0x20006570</load_address>
         <run_address>0x20006570</run_address>
         <size>0x9</size>
         <input_file_ref idref="fl-3a"/>
      </object_component>
      <object_component id="oc-696">
         <name>.data:g_pui8IADSerDescriptor</name>
         <load_address>0x20006590</load_address>
         <run_address>0x20006590</run_address>
         <size>0x8</size>
         <input_file_ref idref="fl-3a"/>
      </object_component>
      <object_component id="oc-643">
         <name>.data:g_psCDCSerSections</name>
         <load_address>0x20006528</load_address>
         <run_address>0x20006528</run_address>
         <size>0xc</size>
         <input_file_ref idref="fl-3a"/>
      </object_component>
      <object_component id="oc-648">
         <name>.data:g_psCDCSerSectionsHS</name>
         <load_address>0x20006534</load_address>
         <run_address>0x20006534</run_address>
         <size>0xc</size>
         <input_file_ref idref="fl-3a"/>
      </object_component>
      <object_component id="oc-64d">
         <name>.data:g_psCDCCompSerSections</name>
         <load_address>0x200064dc</load_address>
         <run_address>0x200064dc</run_address>
         <size>0x10</size>
         <input_file_ref idref="fl-3a"/>
      </object_component>
      <object_component id="oc-652">
         <name>.data:g_psCDCCompSerSectionsHS</name>
         <load_address>0x200064ec</load_address>
         <run_address>0x200064ec</run_address>
         <size>0x10</size>
         <input_file_ref idref="fl-3a"/>
      </object_component>
      <object_component id="oc-554">
         <name>.data</name>
         <load_address>0x200064da</load_address>
         <run_address>0x200064da</run_address>
         <size>0x2</size>
         <input_file_ref idref="fl-3a"/>
      </object_component>
      <object_component id="oc-21c">
         <name>.data</name>
         <load_address>0x200065a0</load_address>
         <run_address>0x200065a0</run_address>
         <size>0x8</size>
         <input_file_ref idref="fl-3f"/>
      </object_component>
      <object_component id="oc-5b8">
         <name>.data</name>
         <load_address>0x200064b4</load_address>
         <run_address>0x200064b4</run_address>
         <size>0x14</size>
         <input_file_ref idref="fl-4c"/>
      </object_component>
      <object_component id="oc-5ca">
         <name>.data:g_sUSBHEP0State</name>
         <load_address>0x2000649c</load_address>
         <run_address>0x2000649c</run_address>
         <size>0x18</size>
         <input_file_ref idref="fl-4c"/>
      </object_component>
      <object_component id="oc-219">
         <name>.data</name>
         <load_address>0x2000657c</load_address>
         <run_address>0x2000657c</run_address>
         <size>0x9</size>
         <input_file_ref idref="fl-52"/>
      </object_component>
      <object_component id="oc-234">
         <name>.data</name>
         <load_address>0x20006564</load_address>
         <run_address>0x20006564</run_address>
         <size>0xc</size>
         <input_file_ref idref="fl-54"/>
      </object_component>
      <object_component id="oc-2be">
         <name>.data:g_pui32CPUUsageTimerPeriph</name>
         <load_address>0x20006484</load_address>
         <run_address>0x20006484</run_address>
         <size>0x18</size>
         <input_file_ref idref="fl-58"/>
      </object_component>
      <object_component id="oc-2b8">
         <name>.data:g_pui32CPUUsageTimerBase</name>
         <load_address>0x2000646c</load_address>
         <run_address>0x2000646c</run_address>
         <size>0x18</size>
         <input_file_ref idref="fl-58"/>
      </object_component>
      <object_component id="oc-d0">
         <name>.data</name>
         <load_address>0x20006558</load_address>
         <run_address>0x20006558</run_address>
         <size>0xc</size>
         <input_file_ref idref="fl-59"/>
      </object_component>
      <object_component id="oc-11e">
         <name>.data:$O1$$</name>
         <load_address>0x2000651c</load_address>
         <run_address>0x2000651c</run_address>
         <size>0xc</size>
         <input_file_ref idref="fl-117"/>
      </object_component>
      <object_component id="oc-8c">
         <name>.data</name>
         <load_address>0x200065b8</load_address>
         <run_address>0x200065b8</run_address>
         <size>0x4</size>
         <input_file_ref idref="fl-11e"/>
      </object_component>
      <object_component id="oc-121">
         <name>.data:$O1$$</name>
         <load_address>0x20006588</load_address>
         <run_address>0x20006588</run_address>
         <size>0x8</size>
         <input_file_ref idref="fl-125"/>
      </object_component>
      <object_component id="oc-4b1">
         <name>.data</name>
         <load_address>0x200065b4</load_address>
         <run_address>0x200065b4</run_address>
         <size>0x4</size>
         <input_file_ref idref="fl-12c"/>
      </object_component>
      <object_component id="oc-31e">
         <name>.bss:Rxframe</name>
         <uninitialized>true</uninitialized>
         <run_address>0x20006074</run_address>
         <size>0x40</size>
         <input_file_ref idref="fl-7"/>
      </object_component>
      <object_component id="oc-324">
         <name>.bss:Txframe</name>
         <uninitialized>true</uninitialized>
         <run_address>0x200060b4</run_address>
         <size>0x40</size>
         <input_file_ref idref="fl-7"/>
      </object_component>
      <object_component id="oc-493">
         <name>.bss</name>
         <uninitialized>true</uninitialized>
         <run_address>0x200062a8</run_address>
         <size>0x8</size>
         <input_file_ref idref="fl-8"/>
      </object_component>
      <object_component id="oc-13f">
         <name>.bss:pxReadyTasksLists</name>
         <uninitialized>true</uninitialized>
         <run_address>0x20005b38</run_address>
         <size>0x140</size>
         <input_file_ref idref="fl-f"/>
      </object_component>
      <object_component id="oc-161">
         <name>.bss:xDelayedTaskList1</name>
         <uninitialized>true</uninitialized>
         <run_address>0x20006214</run_address>
         <size>0x14</size>
         <input_file_ref idref="fl-f"/>
      </object_component>
      <object_component id="oc-164">
         <name>.bss:xDelayedTaskList2</name>
         <uninitialized>true</uninitialized>
         <run_address>0x20006228</run_address>
         <size>0x14</size>
         <input_file_ref idref="fl-f"/>
      </object_component>
      <object_component id="oc-145">
         <name>.bss</name>
         <uninitialized>true</uninitialized>
         <run_address>0x20006298</run_address>
         <size>0x8</size>
         <input_file_ref idref="fl-f"/>
      </object_component>
      <object_component id="oc-157">
         <name>.bss:xPendingReadyList</name>
         <uninitialized>true</uninitialized>
         <run_address>0x2000623c</run_address>
         <size>0x14</size>
         <input_file_ref idref="fl-f"/>
      </object_component>
      <object_component id="oc-142">
         <name>.bss:xTasksWaitingTermination</name>
         <uninitialized>true</uninitialized>
         <run_address>0x20006264</run_address>
         <size>0x14</size>
         <input_file_ref idref="fl-f"/>
      </object_component>
      <object_component id="oc-148">
         <name>.bss:xSuspendedTaskList</name>
         <uninitialized>true</uninitialized>
         <run_address>0x20006250</run_address>
         <size>0x14</size>
         <input_file_ref idref="fl-f"/>
      </object_component>
      <object_component id="oc-292">
         <name>.bss:xActiveTimerList1</name>
         <uninitialized>true</uninitialized>
         <run_address>0x200061ec</run_address>
         <size>0x14</size>
         <input_file_ref idref="fl-10"/>
      </object_component>
      <object_component id="oc-295">
         <name>.bss:xActiveTimerList2</name>
         <uninitialized>true</uninitialized>
         <run_address>0x20006200</run_address>
         <size>0x14</size>
         <input_file_ref idref="fl-10"/>
      </object_component>
      <object_component id="oc-28f">
         <name>.bss</name>
         <uninitialized>true</uninitialized>
         <run_address>0x200062a0</run_address>
         <size>0x8</size>
         <input_file_ref idref="fl-10"/>
      </object_component>
      <object_component id="oc-27d">
         <name>.bss:ucHeap</name>
         <uninitialized>true</uninitialized>
         <run_address>0x2000026c</run_address>
         <size>0x5000</size>
         <input_file_ref idref="fl-13"/>
      </object_component>
      <object_component id="oc-27a">
         <name>.bss:xStart</name>
         <uninitialized>true</uninitialized>
         <run_address>0x200062b8</run_address>
         <size>0x8</size>
         <input_file_ref idref="fl-13"/>
      </object_component>
      <object_component id="oc-307">
         <name>.bss:g_ui32Colors</name>
         <uninitialized>true</uninitialized>
         <run_address>0x20006284</run_address>
         <size>0xc</size>
         <input_file_ref idref="fl-37"/>
      </object_component>
      <object_component id="oc-306">
         <name>.bss</name>
         <uninitialized>true</uninitialized>
         <run_address>0x200062c0</run_address>
         <size>0x4</size>
         <input_file_ref idref="fl-37"/>
      </object_component>
      <object_component id="oc-222">
         <name>.bss:g_pui8DataBufferIn</name>
         <uninitialized>true</uninitialized>
         <run_address>0x200060f4</run_address>
         <size>0x40</size>
         <input_file_ref idref="fl-3f"/>
      </object_component>
      <object_component id="oc-21f">
         <name>.bss</name>
         <uninitialized>true</uninitialized>
         <run_address>0x200062c4</run_address>
         <size>0x4</size>
         <input_file_ref idref="fl-3f"/>
      </object_component>
      <object_component id="oc-622">
         <name>.bss:g_sRootHub</name>
         <uninitialized>true</uninitialized>
         <run_address>0x20005f88</run_address>
         <size>0x9c</size>
         <input_file_ref idref="fl-4a"/>
      </object_component>
      <object_component id="oc-625">
         <name>.bss</name>
         <uninitialized>true</uninitialized>
         <run_address>0x200062b0</run_address>
         <size>0x8</size>
         <input_file_ref idref="fl-4a"/>
      </object_component>
      <object_component id="oc-5c4">
         <name>.bss</name>
         <uninitialized>true</uninitialized>
         <run_address>0x200062c8</run_address>
         <size>0x4</size>
         <input_file_ref idref="fl-4c"/>
      </object_component>
      <object_component id="oc-5c1">
         <name>.bss:g_pi32USBHActiveDriver</name>
         <uninitialized>true</uninitialized>
         <run_address>0x20006178</run_address>
         <size>0x18</size>
         <input_file_ref idref="fl-4c"/>
      </object_component>
      <object_component id="oc-5c7">
         <name>.bss:g_ppvDriverInstance</name>
         <uninitialized>true</uninitialized>
         <run_address>0x20006190</run_address>
         <size>0x18</size>
         <input_file_ref idref="fl-4c"/>
      </object_component>
      <object_component id="oc-5b2">
         <name>.bss:g_sUSBHCD</name>
         <uninitialized>true</uninitialized>
         <run_address>0x2000526c</run_address>
         <size>0x6cc</size>
         <input_file_ref idref="fl-4c"/>
      </object_component>
      <object_component id="oc-5b5">
         <name>.bss:g_pui32Alloc</name>
         <uninitialized>true</uninitialized>
         <run_address>0x20006290</run_address>
         <size>0x8</size>
         <input_file_ref idref="fl-4c"/>
      </object_component>
      <object_component id="oc-371">
         <name>.bss:g_psUSBDMAInst</name>
         <uninitialized>true</uninitialized>
         <run_address>0x20005c78</run_address>
[...]
         <name>USBOTGMain</name>
         <value>0x1358b</value>
         <object_component_ref idref="oc-484"/>
      </symbol>
      <symbol id="sm-1b80">
         <name>USB0OTGModeIntHandler</name>
         <value>0x13489</value>
         <object_component_ref idref="oc-484"/>
      </symbol>
      <symbol id="sm-1b81">
         <name>USBDualModeInit</name>
         <value>0x1322b</value>
         <object_component_ref idref="oc-484"/>
      </symbol>
      <symbol id="sm-1b82">
         <name>USBDualModeTerm</name>
         <value>0x132a9</value>
         <object_component_ref idref="oc-484"/>
      </symbol>
      <symbol id="sm-1b83">
         <name>g_iUSBMode</name>
         <value>0x2000657c</value>
         <object_component_ref idref="oc-219"/>
      </symbol>
      <symbol id="sm-1b84">
         <name>USBOTGModeInit</name>
         <value>0x13333</value>
         <object_component_ref idref="oc-484"/>
      </symbol>
      <symbol id="sm-1b85">
         <name>USBStackModeSet</name>
         <value>0x13195</value>
         <object_component_ref idref="oc-484"/>
      </symbol>
      <symbol id="sm-1b86">
         <name>g_ui32WaitTicks</name>
         <value>0x20006580</value>
         <object_component_ref idref="oc-219"/>
      </symbol>
      <symbol id="sm-1b87">
         <name>USBOTGPollRate</name>
         <value>0x13459</value>
         <object_component_ref idref="oc-484"/>
      </symbol>
      <symbol id="sm-1b88">
         <name>OTGDeviceDisconnect</name>
         <value>0x13571</value>
         <object_component_ref idref="oc-484"/>
      </symbol>
      <symbol id="sm-1b89">
         <name>USBOTGFeatureSet</name>
         <value>0x13629</value>
         <object_component_ref idref="oc-484"/>
      </symbol>
      <symbol id="sm-1be0">
         <name>USBRingBufWrite</name>
         <value>0x14427</value>
         <object_component_ref idref="oc-540"/>
      </symbol>
      <symbol id="sm-1be1">
         <name>USBRingBufContigUsed</name>
         <value>0x141a9</value>
         <object_component_ref idref="oc-540"/>
      </symbol>
      <symbol id="sm-1be2">
         <name>USBRingBufFlush</name>
         <value>0x1411f</value>
         <object_component_ref idref="oc-540"/>
      </symbol>
      <symbol id="sm-1be3">
         <name>USBRingBufAdvanceWrite</name>
         <value>0x14351</value>
         <object_component_ref idref="oc-540"/>
      </symbol>
      <symbol id="sm-1be4">
         <name>USBRingBufWriteOne</name>
         <value>0x143e1</value>
         <object_component_ref idref="oc-540"/>
      </symbol>
      <symbol id="sm-1be5">
         <name>USBRingBufUsed</name>
         <value>0x1414b</value>
         <object_component_ref idref="oc-540"/>
      </symbol>
      <symbol id="sm-1be6">
         <name>USBRingBufFree</name>
         <value>0x14185</value>
         <object_component_ref idref="oc-540"/>
      </symbol>
      <symbol id="sm-1be7">
         <name>USBRingBufAdvanceRead</name>
         <value>0x142fb</value>
         <object_component_ref idref="oc-540"/>
      </symbol>
      <symbol id="sm-1be8">
         <name>USBRingBufFull</name>
         <value>0x140ab</value>
         <object_component_ref idref="oc-540"/>
      </symbol>
      <symbol id="sm-1be9">
         <name>USBRingBufReadOne</name>
         <value>0x1423f</value>
         <object_component_ref idref="oc-540"/>
      </symbol>
      <symbol id="sm-1bea">
         <name>USBRingBufEmpty</name>
         <value>0x140ed</value>
         <object_component_ref idref="oc-540"/>
      </symbol>
      <symbol id="sm-1beb">
         <name>USBRingBufSize</name>
         <value>0x14227</value>
         <object_component_ref idref="oc-540"/>
      </symbol>
      <symbol id="sm-1bec">
         <name>USBRingBufInit</name>
         <value>0x1449d</value>
         <object_component_ref idref="oc-540"/>
      </symbol>
      <symbol id="sm-1bed">
         <name>USBRingBufRead</name>
         <value>0x14285</value>
         <object_component_ref idref="oc-540"/>
      </symbol>
      <symbol id="sm-1bee">
         <name>USBRingBufContigFree</name>
         <value>0x141e1</value>
         <object_component_ref idref="oc-540"/>
      </symbol>
      <symbol id="sm-1c17">
         <name>g_pfnTickHandlers</name>
         <value>0x200061a8</value>
      </symbol>
      <symbol id="sm-1c18">
         <name>g_pvTickInstance</name>
         <value>0x200061c0</value>
      </symbol>
      <symbol id="sm-1c19">
         <name>g_ui32USBSOFCount</name>
         <value>0x2000656c</value>
         <object_component_ref idref="oc-234"/>
      </symbol>
      <symbol id="sm-1c1a">
         <name>InternalUSBTickReset</name>
         <value>0x16c2b</value>
         <object_component_ref idref="oc-20f"/>
      </symbol>
      <symbol id="sm-1c1b">
         <name>g_bUSBTimerInitialized</name>
         <value>0x20006564</value>
         <object_component_ref idref="oc-234"/>
      </symbol>
      <symbol id="sm-1c1c">
         <name>g_ui32CurrentUSBTick</name>
         <value>0x20006568</value>
         <object_component_ref idref="oc-234"/>
      </symbol>
      <symbol id="sm-1c1d">
         <name>InternalUSBStartOfFrameTick</name>
         <value>0x16c83</value>
         <object_component_ref idref="oc-20f"/>
      </symbol>
      <symbol id="sm-1c1e">
         <name>InternalUSBRegisterTickHandler</name>
         <value>0x16c33</value>
         <object_component_ref idref="oc-20f"/>
      </symbol>
      <symbol id="sm-1c1f">
         <name>InternalUSBTickInit</name>
         <value>0x16bed</value>
         <object_component_ref idref="oc-20f"/>
      </symbol>
      <symbol id="sm-1c2c">
         <name>ULPIPowerTransceiver</name>
         <value>0x16e55</value>
         <object_component_ref idref="oc-203"/>
      </symbol>
      <symbol id="sm-1c2d">
         <name>ULPIConfigSet</name>
         <value>0x16db3</value>
         <object_component_ref idref="oc-203"/>
      </symbol>
      <symbol id="sm-1c47">
         <name>GetOverflowCounts</name>
         <value>0x176e9</value>
         <object_component_ref idref="oc-15a"/>
      </symbol>
      <symbol id="sm-1c48">
         <name>vConfigureTimerForRunTimeStats</name>
         <value>0x17225</value>
         <object_component_ref idref="oc-151"/>
      </symbol>
      <symbol id="sm-1c68">
         <name>CmdLineProcess</name>
         <value>0x16e7d</value>
         <object_component_ref idref="oc-33e"/>
      </symbol>
      <symbol id="sm-1c98">
         <name>CPUUsageInit</name>
         <value>0x167fb</value>
         <object_component_ref idref="oc-17f"/>
      </symbol>
      <symbol id="sm-1c99">
         <name>CPUUsageTick</name>
         <value>0x167bd</value>
         <object_component_ref idref="oc-17f"/>
      </symbol>
      <symbol id="sm-1da1">
         <name>UARTTxBytesFree</name>
         <value>0x10973</value>
         <object_component_ref idref="oc-3c"/>
      </symbol>
      <symbol id="sm-1da2">
         <name>UARTFlushRx</name>
         <value>0x1097f</value>
         <object_component_ref idref="oc-3c"/>
      </symbol>
      <symbol id="sm-1da3">
         <name>UARTgetc</name>
         <value>0x10609</value>
         <object_component_ref idref="oc-3c"/>
      </symbol>
      <symbol id="sm-1da4">
         <name>UARTgets</name>
         <value>0x101a9</value>
         <object_component_ref idref="oc-3c"/>
      </symbol>
      <symbol id="sm-1da5">
         <name>UARTFlushTx</name>
         <value>0x1098d</value>
         <object_component_ref idref="oc-3c"/>
      </symbol>
      <symbol id="sm-1da6">
         <name>UARTStdioConfig</name>
         <value>0xffb3</value>
         <object_component_ref idref="oc-3c"/>
      </symbol>
      <symbol id="sm-1da7">
         <name>UARTStdioIntHandler</name>
         <value>0x109db</value>
         <object_component_ref idref="oc-3c"/>
      </symbol>
      <symbol id="sm-1da8">
         <name>UARTRxBytesAvail</name>
         <value>0x10967</value>
         <object_component_ref idref="oc-3c"/>
      </symbol>
      <symbol id="sm-1da9">
         <name>UARTwrite</name>
         <value>0x100df</value>
         <object_component_ref idref="oc-3c"/>
      </symbol>
      <symbol id="sm-1daa">
         <name>UARTEchoSet</name>
         <value>0x109b3</value>
         <object_component_ref idref="oc-3c"/>
      </symbol>
      <symbol id="sm-1dab">
         <name>UARTprintf</name>
         <value>0x10943</value>
         <object_component_ref idref="oc-3c"/>
      </symbol>
      <symbol id="sm-1dac">
         <name>UARTvprintf</name>
         <value>0x10631</value>
         <object_component_ref idref="oc-3c"/>
      </symbol>
      <symbol id="sm-1dbd">
         <name>_c_int00</name>
         <value>0x173b9</value>
         <object_component_ref idref="oc-24"/>
      </symbol>
      <symbol id="sm-1dbe">
         <name>__stack</name>
         <value>0x200065bc</value>
         <object_component_ref idref="oc-2a"/>
      </symbol>
      <symbol id="sm-1ddc">
         <name>__TI_decompress_lzss</name>
         <value>0x1728d</value>
         <object_component_ref idref="oc-12"/>
      </symbol>
      <symbol id="sm-1df3">
         <name>__TI_decompress_none</name>
         <value>0x177e5</value>
         <object_component_ref idref="oc-18"/>
      </symbol>
      <symbol id="sm-1e05">
         <name>__TI_zero_init</name>
         <value>0x177f3</value>
         <object_component_ref idref="oc-1e"/>
      </symbol>
      <symbol id="sm-1e26">
         <name>C$$EXIT</name>
         <value>0x1740d</value>
         <object_component_ref idref="oc-86"/>
      </symbol>
      <symbol id="sm-1e27">
         <name>abort</name>
         <value>0x17411</value>
         <object_component_ref idref="oc-86"/>
      </symbol>
      <symbol id="sm-1e28">
         <name>exit</name>
         <value>0x17419</value>
         <object_component_ref idref="oc-86"/>
      </symbol>
      <symbol id="sm-1e29">
         <name>__TI_dtors_ptr</name>
         <value>0x20006520</value>
         <object_component_ref idref="oc-11e"/>
      </symbol>
      <symbol id="sm-1e2a">
         <name>__TI_cleanup_ptr</name>
         <value>0x2000651c</value>
         <object_component_ref idref="oc-11e"/>
      </symbol>
      <symbol id="sm-1e2b">
         <name>__TI_enable_exit_profile_output</name>
         <value>0x20006524</value>
         <object_component_ref idref="oc-11e"/>
      </symbol>
      <symbol id="sm-1e35">
         <name>__aeabi_f2ulz</name>
         <value>0x174b5</value>
         <object_component_ref idref="oc-301"/>
      </symbol>
      <symbol id="sm-1e50">
         <name>memcpy</name>
         <value>0x16f29</value>
         <object_component_ref idref="oc-56"/>
      </symbol>
      <symbol id="sm-1e51">
         <name>__aeabi_memcpy</name>
         <value>0x16f29</value>
         <object_component_ref idref="oc-56"/>
      </symbol>
      <symbol id="sm-1e52">
         <name>__aeabi_memcpy8</name>
         <value>0x16f29</value>
         <object_component_ref idref="oc-56"/>
      </symbol>
      <symbol id="sm-1e53">
         <name>__aeabi_memcpy4</name>
         <value>0x16f29</value>
         <object_component_ref idref="oc-56"/>
      </symbol>
      <symbol id="sm-1e62">
         <name>__aeabi_memset</name>
         <value>0x170d3</value>
         <object_component_ref idref="oc-62"/>
      </symbol>
      <symbol id="sm-1e63">
         <name>memset</name>
         <value>0x170d9</value>
         <object_component_ref idref="oc-62"/>
      </symbol>
      <symbol id="sm-1e64">
         <name>__aeabi_memset8</name>
         <value>0x170d3</value>
         <object_component_ref idref="oc-62"/>
      </symbol>
      <symbol id="sm-1e65">
         <name>__aeabi_memset4</name>
         <value>0x170d3</value>
         <object_component_ref idref="oc-62"/>
      </symbol>
      <symbol id="sm-1e66">
         <name>__aeabi_memclr8</name>
         <value>0x170d1</value>
         <object_component_ref idref="oc-62"/>
      </symbol>
      <symbol id="sm-1e67">
         <name>__aeabi_memclr4</name>
         <value>0x170d1</value>
         <object_component_ref idref="oc-62"/>
      </symbol>
      <symbol id="sm-1e68">
         <name>__aeabi_memclr</name>
         <value>0x170d1</value>
         <object_component_ref idref="oc-62"/>
      </symbol>
      <symbol id="sm-1e72">
         <name>__mpu_init</name>
         <value>0x12b7b</value>
         <object_component_ref idref="oc-6e"/>
      </symbol>
      <symbol id="sm-1e7c">
         <name>_system_pre_init</name>
         <value>0x17805</value>
         <object_component_ref idref="oc-74"/>
      </symbol>
      <symbol id="sm-1e95">
         <name>sprintf</name>
         <value>0x17359</value>
         <object_component_ref idref="oc-173"/>
      </symbol>
      <symbol id="sm-1e9d">
         <name>main_func_sp</name>
         <value>0x200065b8</value>
         <object_component_ref idref="oc-8c"/>
      </symbol>
      <symbol id="sm-1eac">
         <name>strcmp</name>
         <value>0x17765</value>
         <object_component_ref idref="oc-4b6"/>
      </symbol>
      <symbol id="sm-1eba">
         <name>strcpy</name>
         <value>0x177bd</value>
         <object_component_ref idref="oc-167"/>
      </symbol>
      <symbol id="sm-1ec8">
         <name>strlen</name>
         <value>0x177d1</value>
         <object_component_ref idref="oc-16d"/>
      </symbol>
      <symbol id="sm-1ed8">
         <name>strncmp</name>
         <value>0x17691</value>
         <object_component_ref idref="oc-32f"/>
      </symbol>
      <symbol id="sm-1ef9">
         <name>strtoul</name>
         <value>0x168e1</value>
         <object_component_ref idref="oc-338"/>
      </symbol>
      <symbol id="sm-1f08">
         <name>__aeabi_uidivmod</name>
         <value>0x175e5</value>
         <object_component_ref idref="oc-d9"/>
      </symbol>
      <symbol id="sm-1f09">
         <name>__aeabi_uidiv</name>
         <value>0x175e5</value>
         <object_component_ref idref="oc-d9"/>
      </symbol>
      <symbol id="sm-1f22">
         <name>_nop</name>
         <value>0x177a3</value>
         <object_component_ref idref="oc-257"/>
      </symbol>
      <symbol id="sm-1f23">
         <name>_lock</name>
         <value>0x20006588</value>
         <object_component_ref idref="oc-121"/>
      </symbol>
      <symbol id="sm-1f24">
         <name>_unlock</name>
         <value>0x2000658c</value>
         <object_component_ref idref="oc-121"/>
      </symbol>
      <symbol id="sm-1f25">
         <name>_register_lock</name>
         <value>0x1779b</value>
         <object_component_ref idref="oc-257"/>
      </symbol>
      <symbol id="sm-1f26">
         <name>_register_unlock</name>
         <value>0x17795</value>
         <object_component_ref idref="oc-257"/>
      </symbol>
      <symbol id="sm-2027">
         <name>__TI_printfi</name>
         <value>0xbb1d</value>
         <object_component_ref idref="oc-2b0"/>
      </symbol>
      <symbol id="sm-203b">
         <name>_args_main</name>
         <value>0x1774d</value>
         <object_component_ref idref="oc-80"/>
      </symbol>
      <symbol id="sm-2051">
         <name>atoi</name>
         <value>0x17505</value>
         <object_component_ref idref="oc-41a"/>
      </symbol>
      <symbol id="sm-207b">
         <name>__TI_auto_init</name>
         <value>0x1714d</value>
         <object_component_ref idref="oc-7a"/>
      </symbol>
      <symbol id="sm-2095">
         <name>copy_in</name>
         <value>0x17551</value>
         <object_component_ref idref="oc-10e"/>
      </symbol>
      <symbol id="sm-20a0">
         <name>_ctypes_</name>
         <value>0x17d4e</value>
         <object_component_ref idref="oc-4ae"/>
      </symbol>
      <symbol id="sm-20a8">
         <name>errno</name>
         <value>0x200065b4</value>
         <object_component_ref idref="oc-4b1"/>
      </symbol>
      <symbol id="sm-20bf">
         <name>__aeabi_dsub</name>
         <value>0x1627f</value>
         <object_component_ref idref="oc-403"/>
      </symbol>
      <symbol id="sm-20c0">
         <name>__aeabi_dadd</name>
         <value>0x16289</value>
         <object_component_ref idref="oc-403"/>
      </symbol>
      <symbol id="sm-20e2">
         <name>__aeabi_cdcmpeq</name>
         <value>0x16fc5</value>
         <object_component_ref idref="oc-3df"/>
      </symbol>
      <symbol id="sm-20e3">
         <name>__aeabi_cdcmple</name>
         <value>0x16fc5</value>
         <object_component_ref idref="oc-3df"/>
      </symbol>
      <symbol id="sm-20e4">
         <name>__aeabi_cdrcmple</name>
         <value>0x1704b</value>
         <object_component_ref idref="oc-3ee"/>
      </symbol>
      <symbol id="sm-20f8">
         <name>__aeabi_ddiv</name>
         <value>0x16435</value>
         <object_component_ref idref="oc-3e9"/>
      </symbol>
      <symbol id="sm-2103">
         <name>__aeabi_dmul</name>
         <value>0x169f5</value>
         <object_component_ref idref="oc-3e4"/>
      </symbol>
      <symbol id="sm-210d">
         <name>__aeabi_d2iz</name>
         <value>0x1759d</value>
         <object_component_ref idref="oc-3f3"/>
      </symbol>
      <symbol id="sm-2117">
         <name>__aeabi_idiv0</name>
         <value>0xc417</value>
         <object_component_ref idref="oc-1f1"/>
      </symbol>
      <symbol id="sm-2121">
         <name>__aeabi_i2d</name>
         <value>0x17663</value>
         <object_component_ref idref="oc-3fe"/>
      </symbol>
      <symbol id="sm-2130">
         <name>ltoa</name>
         <value>0x17461</value>
         <object_component_ref idref="oc-3f8"/>
      </symbol>
      <symbol id="sm-2140">
         <name>memccpy</name>
         <value>0x17731</value>
         <object_component_ref idref="oc-420"/>
      </symbol>
      <symbol id="sm-215b">
         <name>frexpl</name>
         <value>0x172f5</value>
         <object_component_ref idref="oc-408"/>
      </symbol>
      <symbol id="sm-215c">
         <name>frexp</name>
         <value>0x172f5</value>
         <object_component_ref idref="oc-408"/>
      </symbol>
      <symbol id="sm-2179">
         <name>scalbn</name>
         <value>0x16af1</value>
         <object_component_ref idref="oc-40e"/>
      </symbol>
      <symbol id="sm-217a">
         <name>scalbnl</name>
         <value>0x16af1</value>
         <object_component_ref idref="oc-40e"/>
      </symbol>
      <symbol id="sm-217b">
         <name>ldexpl</name>
         <value>0x16af1</value>
         <object_component_ref idref="oc-40e"/>
      </symbol>
      <symbol id="sm-217c">
         <name>ldexp</name>
         <value>0x16af1</value>
         <object_component_ref idref="oc-40e"/>
      </symbol>
      <symbol id="sm-2186">
         <name>_system_post_cinit</name>
         <value>0x16e7b</value>
         <object_component_ref idref="oc-114"/>
      </symbol>
      <symbol id="sm-2196">
         <name>strchr</name>
         <value>0x1777d</value>
         <object_component_ref idref="oc-414"/>
      </symbol>
      <symbol id="sm-21b2">
         <name>__aeabi_uldivmod</name>
         <value>0x15eb9</value>
         <object_component_ref idref="oc-3da"/>
      </symbol>
      <symbol id="sm-21bc">
         <name>copysign</name>
         <value>0x177a9</value>
         <object_component_ref idref="oc-522"/>
      </symbol>
      <symbol id="sm-21bd">
         <name>copysignl</name>
         <value>0x177a9</value>
         <object_component_ref idref="oc-522"/>
      </symbol>
      <symbol id="sm-21be">
         <name>__TI_static_base__</name>
         <value>0x0</value>
      </symbol>
      <symbol id="sm-21c1">
         <name>SHT$$INIT_ARRAY$$Limit</name>
         <value>0x0</value>
      </symbol>
      <symbol id="sm-21c2">
         <name>SHT$$INIT_ARRAY$$Base</name>
         <value>0x0</value>
      </symbol>
   </symbol_table>
   <title>Link successful</title>
</link_info>
